// Jest Snapshot v1, https://goo.gl/fbAQLP

exports[`pass-fail pass-fail: performance with failures in afterEach~should fail hasAverage 1`] = `false`;

exports[`pass-fail pass-fail: performance with failures in afterEach~should fail hasMax 1`] = `false`;

exports[`pass-fail pass-fail: performance with failures in afterEach~should fail hasMedian 1`] = `false`;

exports[`pass-fail pass-fail: performance with failures in afterEach~should fail hasMin 1`] = `false`;

exports[`pass-fail pass-fail: performance with failures in afterEach~should fail hasStdDev 1`] = `false`;

exports[`pass-fail pass-fail: performance with failures in afterEach~should fail hasVariance 1`] = `false`;

exports[`pass-fail pass-fail: performance with failures in afterEach~should fail performance 1`] = `true`;

exports[`pass-fail pass-fail: performance with failures in beforeEach~should fail hasAverage 1`] = `false`;

exports[`pass-fail pass-fail: performance with failures in beforeEach~should fail hasMax 1`] = `false`;

exports[`pass-fail pass-fail: performance with failures in beforeEach~should fail hasMedian 1`] = `false`;

exports[`pass-fail pass-fail: performance with failures in beforeEach~should fail hasMin 1`] = `false`;

exports[`pass-fail pass-fail: performance with failures in beforeEach~should fail hasStdDev 1`] = `false`;

exports[`pass-fail pass-fail: performance with failures in beforeEach~should fail hasVariance 1`] = `false`;

exports[`pass-fail pass-fail: performance with failures in beforeEach~should fail performance 1`] = `true`;

exports[`pass-fail pass-fail: performance~this should have average enabled hasAverage 1`] = `true`;

exports[`pass-fail pass-fail: performance~this should have average enabled hasMax 1`] = `false`;

exports[`pass-fail pass-fail: performance~this should have average enabled hasMedian 1`] = `false`;

exports[`pass-fail pass-fail: performance~this should have average enabled hasMin 1`] = `false`;

exports[`pass-fail pass-fail: performance~this should have average enabled hasStdDev 1`] = `false`;

exports[`pass-fail pass-fail: performance~this should have average enabled hasVariance 1`] = `false`;

exports[`pass-fail pass-fail: performance~this should have average enabled performance 1`] = `true`;

exports[`pass-fail pass-fail: performance~this should have max enabled hasAverage 1`] = `false`;

exports[`pass-fail pass-fail: performance~this should have max enabled hasMax 1`] = `true`;

exports[`pass-fail pass-fail: performance~this should have max enabled hasMedian 1`] = `false`;

exports[`pass-fail pass-fail: performance~this should have max enabled hasMin 1`] = `false`;

exports[`pass-fail pass-fail: performance~this should have max enabled hasStdDev 1`] = `false`;

exports[`pass-fail pass-fail: performance~this should have max enabled hasVariance 1`] = `false`;

exports[`pass-fail pass-fail: performance~this should have max enabled performance 1`] = `true`;

exports[`pass-fail pass-fail: performance~this should have min enabled hasAverage 1`] = `false`;

exports[`pass-fail pass-fail: performance~this should have min enabled hasMax 1`] = `false`;

exports[`pass-fail pass-fail: performance~this should have min enabled hasMedian 1`] = `false`;

exports[`pass-fail pass-fail: performance~this should have min enabled hasMin 1`] = `true`;

exports[`pass-fail pass-fail: performance~this should have min enabled hasStdDev 1`] = `false`;

exports[`pass-fail pass-fail: performance~this should have min enabled hasVariance 1`] = `false`;

exports[`pass-fail pass-fail: performance~this should have min enabled performance 1`] = `true`;

exports[`pass-fail pass-fail: performance~this should have performance enabled hasAverage 1`] = `false`;

exports[`pass-fail pass-fail: performance~this should have performance enabled hasMax 1`] = `false`;

exports[`pass-fail pass-fail: performance~this should have performance enabled hasMedian 1`] = `false`;

exports[`pass-fail pass-fail: performance~this should have performance enabled hasMin 1`] = `false`;

exports[`pass-fail pass-fail: performance~this should have performance enabled hasStdDev 1`] = `false`;

exports[`pass-fail pass-fail: performance~this should have performance enabled hasVariance 1`] = `false`;

exports[`pass-fail pass-fail: performance~this should have performance enabled performance 1`] = `true`;

exports[`pass-fail pass-fail: performance~this should have set the decimal places hasAverage 1`] = `false`;

exports[`pass-fail pass-fail: performance~this should have set the decimal places hasMax 1`] = `false`;

exports[`pass-fail pass-fail: performance~this should have set the decimal places hasMedian 1`] = `false`;

exports[`pass-fail pass-fail: performance~this should have set the decimal places hasMin 1`] = `false`;

exports[`pass-fail pass-fail: performance~this should have set the decimal places hasStdDev 1`] = `false`;

exports[`pass-fail pass-fail: performance~this should have set the decimal places hasVariance 1`] = `false`;

exports[`pass-fail pass-fail: performance~this should have set the decimal places performance 1`] = `true`;

exports[`pass-fail pass-fail: performance~this should have stdDev enabled hasAverage 1`] = `false`;

exports[`pass-fail pass-fail: performance~this should have stdDev enabled hasAverage 2`] = `false`;

exports[`pass-fail pass-fail: performance~this should have stdDev enabled hasMax 1`] = `false`;

exports[`pass-fail pass-fail: performance~this should have stdDev enabled hasMax 2`] = `false`;

exports[`pass-fail pass-fail: performance~this should have stdDev enabled hasMedian 1`] = `false`;

exports[`pass-fail pass-fail: performance~this should have stdDev enabled hasMedian 2`] = `true`;

exports[`pass-fail pass-fail: performance~this should have stdDev enabled hasMin 1`] = `false`;

exports[`pass-fail pass-fail: performance~this should have stdDev enabled hasMin 2`] = `false`;

exports[`pass-fail pass-fail: performance~this should have stdDev enabled hasStdDev 1`] = `true`;

exports[`pass-fail pass-fail: performance~this should have stdDev enabled hasStdDev 2`] = `false`;

exports[`pass-fail pass-fail: performance~this should have stdDev enabled hasVariance 1`] = `true`;

exports[`pass-fail pass-fail: performance~this should have stdDev enabled hasVariance 2`] = `false`;

exports[`pass-fail pass-fail: performance~this should have stdDev enabled performance 1`] = `true`;

exports[`pass-fail pass-fail: performance~this should have stdDev enabled performance 2`] = `true`;

exports[`pass-fail pass-fail: performance~this should have variance enabled hasAverage 1`] = `false`;

exports[`pass-fail pass-fail: performance~this should have variance enabled hasMax 1`] = `false`;

exports[`pass-fail pass-fail: performance~this should have variance enabled hasMedian 1`] = `false`;

exports[`pass-fail pass-fail: performance~this should have variance enabled hasMin 1`] = `false`;

exports[`pass-fail pass-fail: performance~this should have variance enabled hasStdDev 1`] = `false`;

exports[`pass-fail pass-fail: performance~this should have variance enabled hasVariance 1`] = `true`;

exports[`pass-fail pass-fail: performance~this should have variance enabled performance 1`] = `true`;

exports[`pass-fail pass-fail: performance~this should only run for less than a second hasAverage 1`] = `false`;

exports[`pass-fail pass-fail: performance~this should only run for less than a second hasAverage 2`] = `false`;

exports[`pass-fail pass-fail: performance~this should only run for less than a second hasMax 1`] = `false`;

exports[`pass-fail pass-fail: performance~this should only run for less than a second hasMax 2`] = `false`;

exports[`pass-fail pass-fail: performance~this should only run for less than a second hasMedian 1`] = `false`;

exports[`pass-fail pass-fail: performance~this should only run for less than a second hasMedian 2`] = `false`;

exports[`pass-fail pass-fail: performance~this should only run for less than a second hasMin 1`] = `false`;

exports[`pass-fail pass-fail: performance~this should only run for less than a second hasMin 2`] = `false`;

exports[`pass-fail pass-fail: performance~this should only run for less than a second hasStdDev 1`] = `false`;

exports[`pass-fail pass-fail: performance~this should only run for less than a second hasStdDev 2`] = `false`;

exports[`pass-fail pass-fail: performance~this should only run for less than a second hasVariance 1`] = `false`;

exports[`pass-fail pass-fail: performance~this should only run for less than a second hasVariance 2`] = `false`;

exports[`pass-fail pass-fail: performance~this should only run for less than a second performance 1`] = `true`;

exports[`pass-fail pass-fail: performance~this should only run for less than a second performance 2`] = `true`;
